
krish@DESKTOP-5123C31 MINGW64 ~/OneDrive/Desktop/webdev
$ ls
'1.HTML and CSS'/   3.DOM/      5.Nodejs/           'Simon Game Challenge Starting Files'/
 2.Frameworks/      4.jQuery/  'Chieya bday file'/

krish@DESKTOP-5123C31 MINGW64 ~/OneDrive/Desktop/webdev
$ cd 1.HTML\ and\ CSS/

krish@DESKTOP-5123C31 MINGW64 ~/OneDrive/Desktop/webdev/1.HTML and CSS
$ ld
C:\msys64\mingw64\bin\ld.exe: no input files

krish@DESKTOP-5123C31 MINGW64 ~/OneDrive/Desktop/webdev/1.HTML and CSS
$ ls
'0.0 All pdfs'/                 '5.4 Color Vocab Project'/
'10.0 Display Grid'/            '6.0 CSS Colors'/
'10.2 Grid Placement'/          '6.1 Font Properties'/
'10.3 Mondrian Project'/        '6.3 CSS Box Model'/
'2.1 Heading Element'/          '6.4 Motivation Meme Project'/
'2.2 Paragraph Element'/        '7.0 CSS Cascade'/
'2.3 Void Elements'/            '7.1 Combining Selectors'/
'2.4 Movie Ranking Project'/    '7.2 CSS Positioning'/
'3.0 List Elements'/            '7.3 CSS Flag Project'/
'3.1 Nesting and Indentation'/  '8.0 CSS Display'/
'5.1. Adding CSS'/              '9.4 Flexbox Pricing Table Project'/
'5.3 CSS Selectors'/

krish@DESKTOP-5123C31 MINGW64 ~/OneDrive/Desktop/webdev/1.HTML and CSS
$ ^CUsers/krish/OneDrive/Desktop/webdev/1.HTML and CSS/6.1 Font Properties'

krish@DESKTOP-5123C31 MINGW64 ~/OneDrive/Desktop/webdev/1.HTML and CSS
$ pwd
/c/Users/krish/OneDrive/Desktop/webdev/1.HTML and CSS

krish@DESKTOP-5123C31 MINGW64 ~/OneDrive/Desktop/webdev/1.HTML and CSS
$ man echo
bash: man: command not found

krish@DESKTOP-5123C31 MINGW64 ~/OneDrive/Desktop/webdev/1.HTML and CSS
$ echo hello
hello

krish@DESKTOP-5123C31 MINGW64 ~/OneDrive/Desktop/webdev/1.HTML and CSS
$ mkdir .SecretStuff

krish@DESKTOP-5123C31 MINGW64 ~/OneDrive/Desktop/webdev/1.HTML and CSS
$ rm -r .SecretStuff

krish@DESKTOP-5123C31 MINGW64 ~/OneDrive/Desktop/webdev/1.HTML and CSS
$ cd..
bash: cd..: command not found

krish@DESKTOP-5123C31 MINGW64 ~/OneDrive/Desktop/webdev/1.HTML and CSS
$ ..
bash: ..: command not found

krish@DESKTOP-5123C31 MINGW64 ~/OneDrive/Desktop/webdev/1.HTML and CSS
$ cd.
bash: cd.: command not found

krish@DESKTOP-5123C31 MINGW64 ~/OneDrive/Desktop/webdev/1.HTML and CSS
$ cd../
bash: cd../: No such file or directory

krish@DESKTOP-5123C31 MINGW64 ~/OneDrive/Desktop/webdev/1.HTML and CSS
$ cd..\
> ^C

krish@DESKTOP-5123C31 MINGW64 ~/OneDrive/Desktop/webdev/1.HTML and CSS
$ cd ..

krish@DESKTOP-5123C31 MINGW64 ~/OneDrive/Desktop/webdev
$ mkdir 6.VersionControl&Git
[1] 1168
usage: git [-v | --version] [-h | --help] [-C <path>] [-c <name>=<value>]
           [--exec-path[=<path>]] [--html-path] [--man-path] [--info-path]
           [-p | --paginate | -P | --no-pager] [--no-replace-objects] [--bare]
           [--git-dir=<path>] [--work-tree=<path>] [--namespace=<name>]
           [--config-env=<name>=<envvar>] <command> [<args>]

These are common Git commands used in various situations:

start a working area (see also: git help tutorial)
   clone     Clone a repository into a new directory
   init      Create an empty Git repository or reinitialize an existing one

work on the current change (see also: git help everyday)
   add       Add file contents to the index
   mv        Move or rename a file, a directory, or a symlink
   restore   Restore working tree files
   rm        Remove files from the working tree and from the index

examine the history and state (see also: git help revisions)
   bisect    Use binary search to find the commit that introduced a bug
   diff      Show changes between commits, commit and working tree, etc
   grep      Print lines matching a pattern
   log       Show commit logs
   show      Show various types of objects
   status    Show the working tree status

grow, mark and tweak your common history
   branch    List, create, or delete branches
   commit    Record changes to the repository
   merge     Join two or more development histories together
   rebase    Reapply commits on top of another base tip
   reset     Reset current HEAD to the specified state
   switch    Switch branches
   tag       Create, list, delete or verify a tag object signed with GPG

collaborate (see also: git help workflows)
   fetch     Download objects and refs from another repository
   pull      Fetch from and integrate with another repository or a local branch
   push      Update remote refs along with associated objects

'git help -a' and 'git help -g' list available subcommands and some
concept guides. See 'git help <command>' or 'git help <concept>'
to read about a specific subcommand or concept.
See 'git help git' for an overview of the system.
[1]+  Done                    mkdir 6.VersionControl

krish@DESKTOP-5123C31 MINGW64 ~/OneDrive/Desktop/webdev
$ ls
'1.HTML and CSS'/   3.DOM/      5.Nodejs/          'Chieya bday file'/
 2.Frameworks/      4.jQuery/   6.VersionControl/  'Simon Game Challenge Starting Files'/

krish@DESKTOP-5123C31 MINGW64 ~/OneDrive/Desktop/webdev
$ cd 6.VersionControl/

krish@DESKTOP-5123C31 MINGW64 ~/OneDrive/Desktop/webdev/6.VersionControl
$ ls

krish@DESKTOP-5123C31 MINGW64 ~/OneDrive/Desktop/webdev/6.VersionControl
$ touch chapter1.txt

krish@DESKTOP-5123C31 MINGW64 ~/OneDrive/Desktop/webdev/6.VersionControl
$ open chapter1.txt
bash: open: command not found

krish@DESKTOP-5123C31 MINGW64 ~/OneDrive/Desktop/webdev/6.VersionControl
$ code chapter1.txt

krish@DESKTOP-5123C31 MINGW64 ~/OneDrive/Desktop/webdev/6.VersionControl
$ git init
Initialized empty Git repository in C:/Users/krish/OneDrive/Desktop/webdev/6.VersionControl/.git/

krish@DESKTOP-5123C31 MINGW64 ~/OneDrive/Desktop/webdev/6.VersionControl (master)
$ ls -a
./  ../  .git/  chapter1.txt

krish@DESKTOP-5123C31 MINGW64 ~/OneDrive/Desktop/webdev/6.VersionControl (master)
$ git add chapter1.txt 

krish@DESKTOP-5123C31 MINGW64 ~/OneDrive/Desktop/webdev/6.VersionControl (master)
$ git status
On branch master

No commits yet

Changes to be committed:
  (use "git rm --cached <file>..." to unstage)
        new file:   chapter1.txt


krish@DESKTOP-5123C31 MINGW64 ~/OneDrive/Desktop/webdev/6.VersionControl (master)
$ git commit -m "Write Chaper1"
Author identity unknown

*** Please tell me who you are.

Run

  git config --global user.email "you@example.com"
  git config --global user.name "Your Name"

to set your account's default identity.
Omit --global to set the identity only in this repository.

fatal: unable to auto-detect email address (got 'krish@DESKTOP-5123C31.(none)')

krish@DESKTOP-5123C31 MINGW64 ~/OneDrive/Desktop/webdev/6.VersionControl (master)
$ git log
fatal: your current branch 'master' does not have any commits yet

krish@DESKTOP-5123C31 MINGW64 ~/OneDrive/Desktop/webdev/6.VersionControl (master)
$ git config --global user.email "krishnakvaria@gmail.com"

krish@DESKTOP-5123C31 MINGW64 ~/OneDrive/Desktop/webdev/6.VersionControl (master)
$ git config --global user.name "KrishnaVaria"

krish@DESKTOP-5123C31 MINGW64 ~/OneDrive/Desktop/webdev/6.VersionControl (master)
$ git commit -m "Write Chaper1"
[master (root-commit) e4d7d25] Write Chaper1
 1 file changed, 1 insertion(+)
 create mode 100644 chapter1.txt

krish@DESKTOP-5123C31 MINGW64 ~/OneDrive/Desktop/webdev/6.VersionControl (master)
$ git log
commit e4d7d25ae4c95c8d53f4248a658f77cdb645006e (HEAD -> master)
Author: KrishnaVaria <krishnakvaria@gmail.com>
Date:   Tue Dec 12 18:45:50 2023 +0530

    Write Chaper1

krish@DESKTOP-5123C31 MINGW64 ~/OneDrive/Desktop/webdev/6.VersionControl (master)
$ touch chapter2.txt

krish@DESKTOP-5123C31 MINGW64 ~/OneDrive/Desktop/webdev/6.VersionControl (master)
$ touch chapter3.txt

krish@DESKTOP-5123C31 MINGW64 ~/OneDrive/Desktop/webdev/6.VersionControl (master)
$ code chapter2.txt

krish@DESKTOP-5123C31 MINGW64 ~/OneDrive/Desktop/webdev/6.VersionControl (master)
$ code chapter3.txt

krish@DESKTOP-5123C31 MINGW64 ~/OneDrive/Desktop/webdev/6.VersionControl (master)
$ git add .

krish@DESKTOP-5123C31 MINGW64 ~/OneDrive/Desktop/webdev/6.VersionControl (master)
$ git status
On branch master
Changes to be committed:
  (use "git restore --staged <file>..." to unstage)
        new file:   chapter2.txt
        new file:   chapter3.txt


krish@DESKTOP-5123C31 MINGW64 ~/OneDrive/Desktop/webdev/6.VersionControl (master)
$ git commit -m "complete chapter 2 and 3"
[master 583569d] complete chapter 2 and 3
 2 files changed, 2 insertions(+)
 create mode 100644 chapter2.txt
 create mode 100644 chapter3.txt

krish@DESKTOP-5123C31 MINGW64 ~/OneDrive/Desktop/webdev/6.VersionControl (master)
$ git log
commit 583569df89ac39caa4fb73e78eca25eb821cea23 (HEAD -> master)
Author: KrishnaVaria <krishnakvaria@gmail.com>
Date:   Tue Dec 12 18:55:23 2023 +0530

    complete chapter 2 and 3

commit e4d7d25ae4c95c8d53f4248a658f77cdb645006e
Author: KrishnaVaria <krishnakvaria@gmail.com>
Date:   Tue Dec 12 18:45:50 2023 +0530

    Write Chaper1

krish@DESKTOP-5123C31 MINGW64 ~/OneDrive/Desktop/webdev/6.VersionControl (master)
$ code chapter3.txt

krish@DESKTOP-5123C31 MINGW64 ~/OneDrive/Desktop/webdev/6.VersionControl (master)
$ git diff chapter3.txt
diff --git a/chapter3.txt b/chapter3.txt
index 0e3544a..9ddf2d0 100644
--- a/chapter3.txt
+++ b/chapter3.txt
@@ -1 +1,3 @@
-command to delete all files in the directory is rm *
\ No newline at end of file
+command to delete all files in the directory is rm *
+lsdkfj alsdnaklsdvnakdnv
+dsf df;aldvsd;
\ No newline at end of file

krish@DESKTOP-5123C31 MINGW64 ~/OneDrive/Desktop/webdev/6.VersionControl (master)
$ git checkout chapter3.txt
Updated 1 path from the index

krish@DESKTOP-5123C31 MINGW64 ~/OneDrive/Desktop/webdev/6.VersionControl (master)
$